** Drc report for C:\Users\Yuri\Documents\MEGAsync\Projects\Car_bs_controller_nex\KiCad\Car_bs_controller_nex_mega\Car_bs_controller_nex_mega.kicad_pcb **
** Created on  **

** Found 39 DRC errors **
ErrType(45): Перекрытие областей установки посад.мест
    @(129,926 мм, 85,532 мм): Посад.место U3 на F.Cu
    @(152,630 мм, 75,347 мм): Посад.место RV1 на F.Cu
ErrType(45): Перекрытие областей установки посад.мест
    @(129,926 мм, 85,532 мм): Посад.место U3 на F.Cu
    @(125,217 мм, 75,524 мм): Посад.место R56 на F.Cu
ErrType(45): Перекрытие областей установки посад.мест
    @(129,926 мм, 85,532 мм): Посад.место U3 на F.Cu
    @(124,783 мм, 81,252 мм): Посад.место R55 на F.Cu
ErrType(45): Перекрытие областей установки посад.мест
    @(129,926 мм, 85,532 мм): Посад.место U3 на F.Cu
    @(128,311 мм, 78,212 мм): Посад.место R53 на F.Cu
ErrType(45): Перекрытие областей установки посад.мест
    @(129,926 мм, 85,532 мм): Посад.место U3 на F.Cu
    @(146,775 мм, 102,987 мм): Посад.место R48 на F.Cu
ErrType(45): Перекрытие областей установки посад.мест
    @(129,926 мм, 85,532 мм): Посад.место U3 на F.Cu
    @(149,029 мм, 90,388 мм): Посад.место R37 на F.Cu
ErrType(45): Перекрытие областей установки посад.мест
    @(129,926 мм, 85,532 мм): Посад.место U3 на F.Cu
    @(151,564 мм, 83,266 мм): Посад.место R33 на F.Cu
ErrType(45): Перекрытие областей установки посад.мест
    @(129,926 мм, 85,532 мм): Посад.место U3 на F.Cu
    @(138,097 мм, 91,328 мм): Посад.место R32 на F.Cu
ErrType(45): Перекрытие областей установки посад.мест
    @(129,926 мм, 85,532 мм): Посад.место U3 на F.Cu
    @(144,741 мм, 91,603 мм): Посад.место R31 на F.Cu
ErrType(45): Перекрытие областей установки посад.мест
    @(129,926 мм, 85,532 мм): Посад.место U3 на F.Cu
    @(127,542 мм, 92,177 мм): Посад.место R30 на F.Cu
ErrType(45): Перекрытие областей установки посад.мест
    @(129,926 мм, 85,532 мм): Посад.место U3 на F.Cu
    @(146,619 мм, 82,233 мм): Посад.место R29 на F.Cu
ErrType(45): Перекрытие областей установки посад.мест
    @(129,926 мм, 85,532 мм): Посад.место U3 на F.Cu
    @(138,189 мм, 88,636 мм): Посад.место R28 на F.Cu
ErrType(45): Перекрытие областей установки посад.мест
    @(129,926 мм, 85,532 мм): Посад.место U3 на F.Cu
    @(144,780 мм, 89,388 мм): Посад.место R27 на F.Cu
ErrType(45): Перекрытие областей установки посад.мест
    @(129,926 мм, 85,532 мм): Посад.место U3 на F.Cu
    @(115,213 мм, 92,207 мм): Посад.место R26 на F.Cu
ErrType(45): Перекрытие областей установки посад.мест
    @(129,926 мм, 85,532 мм): Посад.место U3 на F.Cu
    @(127,467 мм, 89,428 мм): Посад.место R25 на F.Cu
ErrType(45): Перекрытие областей установки посад.мест
    @(129,926 мм, 85,532 мм): Посад.место U3 на F.Cu
    @(137,323 мм, 79,631 мм): Посад.место R24 на F.Cu
ErrType(45): Перекрытие областей установки посад.мест
    @(129,926 мм, 85,532 мм): Посад.место U3 на F.Cu
    @(114,379 мм, 89,378 мм): Посад.место R23 на F.Cu
ErrType(45): Перекрытие областей установки посад.мест
    @(129,926 мм, 85,532 мм): Посад.место U3 на F.Cu
    @(136,695 мм, 76,302 мм): Посад.место R22 на F.Cu
ErrType(45): Перекрытие областей установки посад.мест
    @(129,926 мм, 85,532 мм): Посад.место U3 на F.Cu
    @(128,235 мм, 81,242 мм): Посад.место Q1 на F.Cu
ErrType(45): Перекрытие областей установки посад.мест
    @(129,926 мм, 85,532 мм): Посад.место U3 на F.Cu
    @(116,444 мм, 79,941 мм): Посад.место LS1 на F.Cu
ErrType(45): Перекрытие областей установки посад.мест
    @(129,926 мм, 85,532 мм): Посад.место U3 на F.Cu
    @(104,993 мм, 75,423 мм): Посад.место JP1 на F.Cu
ErrType(45): Перекрытие областей установки посад.мест
    @(129,926 мм, 85,532 мм): Посад.место U3 на F.Cu
    @(152,479 мм, 80,731 мм): Посад.место D28 на F.Cu
ErrType(45): Перекрытие областей установки посад.мест
    @(129,926 мм, 85,532 мм): Посад.место U3 на F.Cu
    @(137,203 мм, 94,122 мм): Посад.место D27 на F.Cu
ErrType(45): Перекрытие областей установки посад.мест
    @(129,926 мм, 85,532 мм): Посад.место U3 на F.Cu
    @(143,789 мм, 94,077 мм): Посад.место D26 на F.Cu
ErrType(45): Перекрытие областей установки посад.мест
    @(129,926 мм, 85,532 мм): Посад.место U3 на F.Cu
    @(126,505 мм, 94,529 мм): Посад.место D25 на F.Cu
ErrType(45): Перекрытие областей установки посад.мест
    @(129,926 мм, 85,532 мм): Посад.место U3 на F.Cu
    @(116,086 мм, 94,767 мм): Посад.место D24 на F.Cu
ErrType(45): Перекрытие областей установки посад.мест
    @(129,926 мм, 85,532 мм): Посад.место U3 на F.Cu
    @(140,081 мм, 80,630 мм): Посад.место D23 на F.Cu
ErrType(45): Перекрытие областей установки посад.мест
    @(129,926 мм, 85,532 мм): Посад.место U3 на F.Cu
    @(145,390 мм, 77,041 мм): Посад.место D22 на F.Cu
ErrType(45): Перекрытие областей установки посад.мест
    @(129,926 мм, 85,532 мм): Посад.место U3 на F.Cu
    @(133,221 мм, 88,636 мм): Посад.место D21 на F.Cu
ErrType(45): Перекрытие областей установки посад.мест
    @(129,926 мм, 85,532 мм): Посад.место U3 на F.Cu
    @(143,721 мм, 86,685 мм): Посад.место D20 на F.Cu
ErrType(45): Перекрытие областей установки посад.мест
    @(129,926 мм, 85,532 мм): Посад.место U3 на F.Cu
    @(122,481 мм, 89,484 мм): Посад.место D19 на F.Cu
ErrType(45): Перекрытие областей установки посад.мест
    @(129,926 мм, 85,532 мм): Посад.место U3 на F.Cu
    @(109,146 мм, 89,423 мм): Посад.место D18 на F.Cu
ErrType(45): Перекрытие областей установки посад.мест
    @(129,926 мм, 85,532 мм): Посад.место U3 на F.Cu
    @(131,387 мм, 74,892 мм): Посад.место D17 на F.Cu
ErrType(45): Перекрытие областей установки посад.мест
    @(129,926 мм, 85,532 мм): Посад.место U3 на F.Cu
    @(151,602 мм, 85,598 мм): Посад.место C25 на F.Cu
ErrType(45): Перекрытие областей установки посад.мест
    @(129,926 мм, 85,532 мм): Посад.место U3 на F.Cu
    @(136,352 мм, 96,820 мм): Посад.место C24 на F.Cu
ErrType(45): Перекрытие областей установки посад.мест
    @(129,926 мм, 85,532 мм): Посад.место U3 на F.Cu
    @(142,845 мм, 97,048 мм): Посад.место C23 на F.Cu
ErrType(45): Перекрытие областей установки посад.мест
    @(129,926 мм, 85,532 мм): Посад.место U3 на F.Cu
    @(125,532 мм, 97,155 мм): Посад.место C22 на F.Cu
ErrType(45): Перекрытие областей установки посад.мест
    @(129,926 мм, 85,532 мм): Посад.место U3 на F.Cu
    @(115,113 мм, 97,470 мм): Посад.место C21 на F.Cu
ErrType(45): Перекрытие областей установки посад.мест
    @(129,926 мм, 85,532 мм): Посад.место U3 на F.Cu
    @(134,696 мм, 79,619 мм): Посад.место C20 на F.Cu

** Found 372 unconnected pads **
ErrType(2): Не соединённые элементы
    @(84,237 мм, 84,033 мм): Конт.пл. 2 от C15 на F.Cu и прочие
    @(84,186 мм, 83,871 мм): Конт.пл. 5 от U1 на B.Cu и прочие
ErrType(2): Не соединённые элементы
    @(94,828 мм, 61,360 мм): Конт.пл. 2 от D15 на F.Cu и прочие
    @(94,468 мм, 61,343 мм): Конт.пл. 2 от D12 на B.Cu и прочие
ErrType(2): Не соединённые элементы
    @(86,786 мм, 81,966 мм): Конт.пл. 5 от U1 на B.Cu и прочие
    @(86,417 мм, 81,707 мм): Конт.пл. 2 от R10 на F.Cu и прочие
ErrType(2): Не соединённые элементы
    @(89,834 мм, 60,198 мм): Конт.пл. 5 от U2 на B.Cu и прочие
    @(89,576 мм, 59,794 мм): Конт.пл. 2 от D10 на F.Cu и прочие
ErrType(2): Не соединённые элементы
    @(139,534 мм, 93,731 мм): Конт.пл. 1 от D49 на B.Cu и прочие
    @(138,953 мм, 94,122 мм): Конт.пл. 2 от D27 на F.Cu и прочие
ErrType(2): Не соединённые элементы
    @(141,661 мм, 111,989 мм): Конт.пл. 5 от U5 на F.Cu и прочие
    @(142,165 мм, 111,262 мм): Конт.пл. 2 от C28 на B.Cu и прочие
ErrType(2): Не соединённые элементы
    @(98,836 мм, 61,424 мм): Конт.пл. 2 от D11 на B.Cu и прочие
    @(99,858 мм, 61,360 мм): Конт.пл. 2 от D13 на F.Cu и прочие
ErrType(2): Не соединённые элементы
    @(154,234 мм, 117,720 мм): Конт.пл. 2 от D37 на F.Cu и прочие
    @(154,224 мм, 116,542 мм): Конт.пл. 2 от D36 на B.Cu и прочие
ErrType(2): Не соединённые элементы
    @(152,552 мм, 85,598 мм): Конт.пл. 2 от C25 на F.Cu и прочие
    @(151,511 мм, 86,599 мм): Конт.пл. 3 от U4 на B.Cu и прочие
ErrType(2): Не соединённые элементы
    @(86,665 мм, 79,421 мм): Конт.пл. 2 от R11 на B.Cu и прочие
    @(85,476 мм, 77,800 мм): Конт.пл. 2 от D9 на F.Cu и прочие
ErrType(2): Не соединённые элементы
    @(143,795 мм, 97,048 мм): Конт.пл. 2 от C23 на F.Cu и прочие
    @(145,597 мм, 98,085 мм): Конт.пл. 1 от R66 на B.Cu и прочие
ErrType(2): Не соединённые элементы
    @(151,446 мм, 89,184 мм): Конт.пл. 2 от C26 на B.Cu и прочие
    @(151,332 мм, 91,374 мм): Конт.пл. 2 от C27 на B.Cu и прочие
ErrType(2): Не соединённые элементы
    @(137,140 мм, 112,806 мм): Конт.пл. 2 от D48 на F.Cu и прочие
    @(135,647 мм, 114,508 мм): Конт.пл. 1 от D47 на B.Cu и прочие
ErrType(2): Не соединённые элементы
    @(128,454 мм, 92,177 мм): Конт.пл. 2 от R30 на F.Cu и прочие
    @(130,737 мм, 92,179 мм): Конт.пл. 2 от D50 на B.Cu и прочие
ErrType(2): Не соединённые элементы
    @(86,417 мм, 81,707 мм): Конт.пл. 2 от R10 на F.Cu и прочие
    @(86,665 мм, 79,421 мм): Конт.пл. 2 от R11 на B.Cu и прочие
ErrType(2): Не соединённые элементы
    @(152,476 мм, 83,266 мм): Конт.пл. 2 от R33 на F.Cu и прочие
    @(152,552 мм, 85,598 мм): Конт.пл. 2 от C25 на F.Cu и прочие
ErrType(2): Не соединённые элементы
    @(128,255 мм, 94,529 мм): Конт.пл. 2 от D25 на F.Cu и прочие
    @(128,454 мм, 92,177 мм): Конт.пл. 2 от R30 на F.Cu и прочие
ErrType(2): Не соединённые элементы
    @(76,154 мм, 88,169 мм): Конт.пл. 2 от C6 на B.Cu и прочие
    @(78,527 мм, 88,269 мм): Конт.пл. 2 от R5 на B.Cu и прочие
ErrType(2): Не соединённые элементы
    @(74,163 мм, 74,361 мм): Конт.пл. 2 от C5 на Все слои меди
    @(73,335 мм, 72,055 мм): Конт.пл. 2 от C7 на B.Cu и прочие
ErrType(2): Не соединённые элементы
    @(124,783 мм, 82,077 мм): Конт.пл. 2 от R55 на F.Cu и прочие
    @(127,235 мм, 82,192 мм): Конт.пл. 2 от Q1 на F.Cu и прочие
ErrType(2): Не соединённые элементы
    @(139,534 мм, 93,731 мм): Конт.пл. 1 от D49 на B.Cu и прочие
    @(139,009 мм, 91,328 мм): Конт.пл. 2 от R32 на F.Cu и прочие
ErrType(2): Не соединённые элементы
    @(145,539 мм, 94,077 мм): Конт.пл. 2 от D26 на F.Cu и прочие
    @(145,654 мм, 91,603 мм): Конт.пл. 2 от R31 на F.Cu и прочие
ErrType(2): Не соединённые элементы
    @(143,795 мм, 97,048 мм): Конт.пл. 2 от C23 на F.Cu и прочие
    @(141,283 мм, 97,328 мм): Конт.пл. 1 от R73 на B.Cu и прочие
ErrType(2): Не соединённые элементы
    @(152,586 мм, 70,292 мм): Конт.пл. GND_2 от U3 на Все слои меди
    @(152,586 мм, 67,752 мм): Конт.пл. GND_1 от U3 на Все слои меди
ErrType(2): Не соединённые элементы
    @(153,200 мм, 72,766 мм): Конт.пл. 2 от R40 на B.Cu и прочие
    @(152,586 мм, 70,292 мм): Конт.пл. GND_2 от U3 на Все слои меди
ErrType(2): Не соединённые элементы
    @(151,511 мм, 86,599 мм): Конт.пл. 3 от U4 на B.Cu и прочие
    @(151,446 мм, 89,184 мм): Конт.пл. 2 от C26 на B.Cu и прочие
ErrType(2): Не соединённые элементы
    @(142,165 мм, 111,262 мм): Конт.пл. 2 от C28 на B.Cu и прочие
    @(142,728 мм, 108,707 мм): Конт.пл. 2 от C29 на B.Cu и прочие
ErrType(2): Не соединённые элементы
    @(137,323 мм, 80,543 мм): Конт.пл. 2 от R24 на F.Cu и прочие
    @(134,696 мм, 80,569 мм): Конт.пл. 2 от C20 на F.Cu и прочие
ErrType(2): Не соединённые элементы
    @(92,395 мм, 84,993 мм): Конт.пл. 2 от C1 на B.Cu и прочие
    @(92,523 мм, 82,266 мм): Конт.пл. 2 от R7 на B.Cu и прочие
ErrType(2): Не соединённые элементы
    @(141,661 мм, 111,989 мм): Конт.пл. 5 от U5 на F.Cu и прочие
    @(140,784 мм, 114,600 мм): Конт.пл. 2 от R54 на B.Cu и прочие
ErrType(2): Не соединённые элементы
    @(84,491 мм, 62,814 мм): Конт.пл. 2 от R12 на F.Cu и прочие
    @(87,234 мм, 62,103 мм): Дорожка 0,350 мм [GND] на B.Cu, длина: 1,410 мм
ErrType(2): Не соединённые элементы
    @(94,298 мм, 64,359 мм): Конт.пл. 2 от R9 на B.Cu и прочие
    @(94,468 мм, 61,343 мм): Конт.пл. 2 от D12 на B.Cu и прочие
ErrType(2): Не соединённые элементы
    @(116,125 мм, 92,207 мм): Конт.пл. 2 от R26 на F.Cu и прочие
    @(117,836 мм, 94,767 мм): Конт.пл. 2 от D24 на F.Cu и прочие
ErrType(2): Не соединённые элементы
    @(154,229 мм, 80,731 мм): Конт.пл. 2 от D28 на F.Cu и прочие
    @(152,476 мм, 83,266 мм): Конт.пл. 2 от R33 на F.Cu и прочие
ErrType(2): Не соединённые элементы
    @(86,417 мм, 81,707 мм): Конт.пл. 2 от R10 на F.Cu и прочие
    @(84,186 мм, 83,871 мм): Конт.пл. 5 от U1 на B.Cu и прочие
ErrType(2): Не соединённые элементы
    @(138,953 мм, 94,122 мм): Конт.пл. 2 от D27 на F.Cu и прочие
    @(137,302 мм, 96,820 мм): Конт.пл. 2 от C24 на F.Cu и прочие
ErrType(2): Не соединённые элементы
    @(128,255 мм, 94,529 мм): Конт.пл. 2 от D25 на F.Cu и прочие
    @(126,482 мм, 97,155 мм): Конт.пл. 2 от C22 на F.Cu и прочие
ErrType(2): Не соединённые элементы
    @(142,514 мм, 77,688 мм): Конт.пл. 2 от C34 на B.Cu и прочие
    @(145,699 мм, 77,171 мм): Конт.пл. 3 от U7 на B.Cu и прочие
ErrType(2): Не соединённые элементы
    @(117,836 мм, 94,767 мм): Конт.пл. 2 от D24 на F.Cu и прочие
    @(116,063 мм, 97,470 мм): Конт.пл. 2 от C21 на F.Cu и прочие
ErrType(2): Не соединённые элементы
    @(92,395 мм, 84,993 мм): Конт.пл. 2 от C1 на B.Cu и прочие
    @(94,493 мм, 87,483 мм): Конт.пл. 2 от C3 на F.Cu и прочие
ErrType(2): Не соединённые элементы
    @(140,081 мм, 82,380 мм): Конт.пл. 2 от D23 на F.Cu и прочие
    @(137,323 мм, 80,543 мм): Конт.пл. 2 от R24 на F.Cu и прочие
ErrType(2): Не соединённые элементы
    @(103,271 мм, 61,445 мм): Конт.пл. 2 от D16 на B.Cu и прочие
    @(99,858 мм, 61,360 мм): Конт.пл. 2 от D13 на F.Cu и прочие
ErrType(2): Не соединённые элементы
    @(143,795 мм, 97,048 мм): Конт.пл. 2 от C23 на F.Cu и прочие
    @(145,539 мм, 94,077 мм): Конт.пл. 2 от D26 на F.Cu и прочие
ErrType(2): Не соединённые элементы
    @(85,420 мм, 87,300 мм): Конт.пл. 2 от C14 на F.Cu и прочие
    @(84,237 мм, 84,033 мм): Конт.пл. 2 от C15 на F.Cu и прочие
ErrType(2): Не соединённые элементы
    @(156,015 мм, 55,651 мм): Конт.пл. 2 от C32 на B.Cu и прочие
    @(156,129 мм, 59,127 мм): Конт.пл. 2 от C30 на F.Cu и прочие
ErrType(2): Не соединённые элементы
    @(145,699 мм, 77,171 мм): Конт.пл. 3 от U7 на B.Cu и прочие
    @(144,805 мм, 73,741 мм): Конт.пл. 2 от C33 на B.Cu и прочие
ErrType(2): Не соединённые элементы
    @(91,560 мм, 78,469 мм): Конт.пл. 3 от RV5 на F.Cu и прочие
    @(92,523 мм, 82,266 мм): Конт.пл. 2 от R7 на B.Cu и прочие
ErrType(2): Не соединённые элементы
    @(138,953 мм, 94,122 мм): Конт.пл. 2 от D27 на F.Cu и прочие
    @(141,283 мм, 97,328 мм): Конт.пл. 1 от R73 на B.Cu и прочие
ErrType(2): Не соединённые элементы
    @(98,836 мм, 61,424 мм): Конт.пл. 2 от D11 на B.Cu и прочие
    @(94,828 мм, 61,360 мм): Конт.пл. 2 от D15 на F.Cu и прочие
ErrType(2): Не соединённые элементы
    @(140,784 мм, 114,600 мм): Конт.пл. 2 от R54 на B.Cu и прочие
    @(137,140 мм, 112,806 мм): Конт.пл. 2 от D48 на F.Cu и прочие
ErrType(2): Не соединённые элементы
    @(71,044 мм, 59,350 мм): Конт.пл. 2 от D8 на B.Cu и прочие
    @(73,008 мм, 62,916 мм): Конт.пл. 2 от R8 на B.Cu и прочие
ErrType(2): Не соединённые элементы
    @(135,647 мм, 114,508 мм): Конт.пл. 1 от D47 на B.Cu и прочие
    @(137,201 мм, 118,415 мм): Конт.пл. 2 от J6 на Все слои меди
ErrType(2): Не соединённые элементы
    @(103,271 мм, 61,445 мм): Конт.пл. 2 от D16 на B.Cu и прочие
    @(107,605 мм, 61,455 мм): Конт.пл. 2 от D14 на F.Cu и прочие
ErrType(2): Не соединённые элементы
    @(84,496 мм, 69,652 мм): Конт.пл. 2 от C18 на B.Cu и прочие
    @(88,763 мм, 68,768 мм): Конт.пл. 2 от C16 на B.Cu и прочие
ErrType(2): Не соединённые элементы
    @(122,157 мм, 48,423 мм): Конт.пл. 2 от R34 на B.Cu и прочие
    @(123,591 мм, 52,573 мм): Конт.пл. 3 от J4 на Все слои меди
ErrType(2): Не соединённые элементы
    @(150,639 мм, 100,010 мм): Конт.пл. 1 от D45 на B.Cu и прочие
    @(151,627 мм, 104,303 мм): Конт.пл. 2 от D46 на B.Cu и прочие
ErrType(2): Не соединённые элементы
    @(119,537 мм, 112,734 мм): Конт.пл. 8 от U6 на F.Cu и прочие
    @(120,274 мм, 108,372 мм): Конт.пл. 1 от J10 на Все слои меди
ErrType(2): Не соединённые элементы
    @(93,426 мм, 68,885 мм): Конт.пл. 2 от C19 на Все слои меди
    @(94,298 мм, 64,359 мм): Конт.пл. 2 от R9 на B.Cu и прочие
ErrType(2): Не соединённые элементы
    @(88,763 мм, 68,768 мм): Конт.пл. 2 от C16 на B.Cu и прочие
    @(93,426 мм, 68,885 мм): Конт.пл. 2 от C19 на Все слои меди
ErrType(2): Не соединённые элементы
    @(80,670 мм, 60,091 мм): Конт.пл. 2 от R14 на F.Cu и прочие
    @(84,491 мм, 62,814 мм): Конт.пл. 2 от R12 на F.Cu и прочие
ErrType(2): Не соединённые элементы
    @(89,834 мм, 60,198 мм): Конт.пл. 5 от U2 на B.Cu и прочие
    @(94,468 мм, 61,343 мм): Конт.пл. 2 от D12 на B.Cu и прочие
ErrType(2): Не соединённые элементы
    @(86,665 мм, 79,421 мм): Конт.пл. 2 от R11 на B.Cu и прочие
    @(91,560 мм, 78,469 мм): Конт.пл. 3 от RV5 на F.Cu и прочие
ErrType(2): Не соединённые элементы
    @(142,514 мм, 77,688 мм): Конт.пл. 2 от C34 на B.Cu и прочие
    @(140,081 мм, 82,380 мм): Конт.пл. 2 от D23 на F.Cu и прочие
ErrType(2): Не соединённые элементы
    @(112,123 мм, 56,426 мм): Конт.пл. 2 от C31 на F.Cu и прочие
    @(108,514 мм, 52,548 мм): Конт.пл. 3 от J3 на Все слои меди
ErrType(2): Не соединённые элементы
    @(150,639 мм, 100,010 мм): Конт.пл. 1 от D45 на B.Cu и прочие
    @(145,597 мм, 98,085 мм): Конт.пл. 1 от R66 на B.Cu и прочие
ErrType(2): Не соединённые элементы
    @(65,291 мм, 49,606 мм): Конт.пл. 2 от D1 на B.Cu и прочие
    @(67,429 мм, 54,585 мм): Конт.пл. 3 от J1 на Все слои меди
ErrType(2): Не соединённые элементы
    @(73,335 мм, 72,055 мм): Конт.пл. 2 от C7 на B.Cu и прочие
    @(69,550 мм, 67,986 мм): Конт.пл. 2 от C8 на B.Cu и прочие
ErrType(2): Не соединённые элементы
    @(151,332 мм, 91,374 мм): Конт.пл. 2 от C27 на B.Cu и прочие
    @(145,654 мм, 91,603 мм): Конт.пл. 2 от R31 на F.Cu и прочие
ErrType(2): Не соединённые элементы
    @(98,237 мм, 81,865 мм): Конт.пл. 4 от J11 на Все слои меди
    @(92,523 мм, 82,266 мм): Конт.пл. 2 от R7 на B.Cu и прочие
ErrType(2): Не соединённые элементы
    @(126,781 мм, 57,348 мм): Конт.пл. 1 от D31 на F.Cu и прочие
    @(123,591 мм, 52,573 мм): Конт.пл. 3 от J4 на Все слои меди
ErrType(2): Не соединённые элементы
    @(71,044 мм, 59,350 мм): Конт.пл. 2 от D8 на B.Cu и прочие
    @(67,429 мм, 54,585 мм): Конт.пл. 3 от J1 на Все слои меди
ErrType(2): Не соединённые элементы
    @(69,550 мм, 67,986 мм): Конт.пл. 2 от C8 на B.Cu и прочие
    @(73,008 мм, 62,916 мм): Конт.пл. 2 от R8 на B.Cu и прочие
ErrType(2): Не соединённые элементы
    @(73,008 мм, 62,916 мм): Конт.пл. 2 от R8 на B.Cu и прочие
    @(78,041 мм, 66,431 мм): Конт.пл. 2 от C9 на B.Cu и прочие
ErrType(2): Не соединённые элементы
    @(98,237 мм, 81,865 мм): Конт.пл. 4 от J11 на Все слои меди
    @(104,326 мм, 80,452 мм): Конт.пл. GND_3 от U3 на Все слои меди
ErrType(2): Не соединённые элементы
    @(65,029 мм, 104,079 мм): Конт.пл. 2 от SW1 на F.Cu и прочие
    @(62,311 мм, 98,268 мм): Конт.пл. 1 от D33 на F.Cu и прочие
ErrType(2): Не соединённые элементы
    @(112,123 мм, 56,426 мм): Конт.пл. 2 от C31 на F.Cu и прочие
    @(107,605 мм, 61,455 мм): Конт.пл. 2 от D14 на F.Cu и прочие
ErrType(2): Не соединённые элементы
    @(67,429 мм, 54,585 мм): Конт.пл. 3 от J1 на Все слои меди
    @(60,589 мм, 54,579 мм): Конт.пл. 1 от D7 на F.Cu и прочие
ErrType(2): Не соединённые элементы
    @(78,041 мм, 66,431 мм): Конт.пл. 2 от C9 на B.Cu и прочие
    @(80,670 мм, 60,091 мм): Конт.пл. 2 от R14 на F.Cu и прочие
ErrType(2): Не соединённые элементы
    @(85,420 мм, 87,300 мм): Конт.пл. 2 от C14 на F.Cu и прочие
    @(78,527 мм, 88,269 мм): Конт.пл. 2 от R5 на B.Cu и прочие
ErrType(2): Не соединённые элементы
    @(127,235 мм, 82,192 мм): Конт.пл. 2 от Q1 на F.Cu и прочие
    @(134,696 мм, 80,569 мм): Конт.пл. 2 от C20 на F.Cu и прочие
ErrType(2): Не соединённые элементы
    @(154,229 мм, 80,731 мм): Конт.пл. 2 от D28 на F.Cu и прочие
    @(153,200 мм, 72,766 мм): Конт.пл. 2 от R40 на B.Cu и прочие
ErrType(2): Не соединённые элементы
    @(69,550 мм, 67,986 мм): Конт.пл. 2 от C8 на B.Cu и прочие
    @(61,514 мм, 68,214 мм): Конт.пл. 2 от C2 на Все слои меди
ErrType(2): Не соединённые элементы
    @(137,302 мм, 96,820 мм): Конт.пл. 2 от C24 на F.Cu и прочие
    @(130,737 мм, 92,179 мм): Конт.пл. 2 от D50 на B.Cu и прочие
ErrType(2): Не соединённые элементы
    @(84,496 мм, 69,652 мм): Конт.пл. 2 от C18 на B.Cu и прочие
    @(85,476 мм, 77,800 мм): Конт.пл. 2 от D9 на F.Cu и прочие
ErrType(2): Не соединённые элементы
    @(62,311 мм, 98,268 мм): Конт.пл. 1 от D33 на F.Cu и прочие
    @(61,275 мм, 90,023 мм): Конт.пл. 2 от C17 на Все слои меди
ErrType(2): Не соединённые элементы
    @(144,805 мм, 73,741 мм): Конт.пл. 2 от C33 на B.Cu и прочие
    @(153,200 мм, 72,766 мм): Конт.пл. 2 от R40 на B.Cu и прочие
ErrType(2): Не соединённые элементы
    @(122,157 мм, 48,423 мм): Конт.пл. 2 от R34 на B.Cu и прочие
    @(130,481 мм, 45,883 мм): Конт.пл. 1 от D30 на B.Cu и прочие
ErrType(2): Не соединённые элементы
    @(67,429 мм, 54,585 мм): Конт.пл. 3 от J1 на Все слои меди
    @(74,220 мм, 49,103 мм): Конт.пл. 2 от D4 на B.Cu и прочие
ErrType(2): Не соединённые элементы
    @(126,482 мм, 97,155 мм): Конт.пл. 2 от C22 на F.Cu и прочие
    @(117,836 мм, 94,767 мм): Конт.пл. 2 от D24 на F.Cu и прочие
ErrType(2): Не соединённые элементы
    @(152,586 мм, 67,752 мм): Конт.пл. GND_1 от U3 на Все слои меди
    @(156,129 мм, 59,127 мм): Конт.пл. 2 от C30 на F.Cu и прочие
ErrType(2): Не соединённые элементы
    @(142,728 мм, 108,707 мм): Конт.пл. 2 от C29 на B.Cu и прочие
    @(151,627 мм, 104,303 мм): Конт.пл. 2 от D46 на B.Cu и прочие
ErrType(2): Не соединённые элементы
    @(138,643 мм, 52,573 мм): Конт.пл. 3 от J7 на Все слои меди
    @(145,197 мм, 60,223 мм): Конт.пл. 1 от D29 на B.Cu и прочие
ErrType(2): Не соединённые элементы
    @(145,197 мм, 60,223 мм): Конт.пл. 1 от D29 на B.Cu и прочие
    @(152,586 мм, 67,752 мм): Конт.пл. GND_1 от U3 на Все слои меди
ErrType(2): Не соединённые элементы
    @(138,643 мм, 52,573 мм): Конт.пл. 3 от J7 на Все слои меди
    @(130,481 мм, 45,883 мм): Конт.пл. 1 от D30 на B.Cu и прочие
ErrType(2): Не соединённые элементы
    @(61,275 мм, 90,023 мм): Конт.пл. 2 от C17 на Все слои меди
    @(61,539 мм, 79,151 мм): Конт.пл. 2 от C4 на Все слои меди
ErrType(2): Не соединённые элементы
    @(61,539 мм, 79,151 мм): Конт.пл. 2 от C4 на Все слои меди
    @(61,514 мм, 68,214 мм): Конт.пл. 2 от C2 на Все слои меди
ErrType(2): Не соединённые элементы
    @(116,063 мм, 97,470 мм): Конт.пл. 2 от C21 на F.Cu и прочие
    @(120,274 мм, 108,372 мм): Конт.пл. 1 от J10 на Все слои меди
ErrType(2): Не соединённые элементы
    @(112,123 мм, 56,426 мм): Конт.пл. 2 от C31 на F.Cu и прочие
    @(123,591 мм, 52,573 мм): Конт.пл. 3 от J4 на Все слои меди
ErrType(2): Не соединённые элементы
    @(151,627 мм, 104,303 мм): Конт.пл. 2 от D46 на B.Cu и прочие
    @(154,224 мм, 116,542 мм): Конт.пл. 2 от D36 на B.Cu и прочие
ErrType(2): Не соединённые элементы
    @(119,537 мм, 112,734 мм): Конт.пл. 8 от U6 на F.Cu и прочие
    @(105,908 мм, 108,392 мм): Конт.пл. 1 от J9 на Все слои меди
ErrType(2): Не соединённые элементы
    @(73,650 мм, 67,986 мм): Конт.пл. 1 от C8 на B.Cu и прочие
    @(72,283 мм, 67,418 мм): Конт.пл. 1 от D3 на F.Cu и прочие
ErrType(2): Не соединённые элементы
    @(90,495 мм, 84,993 мм): Конт.пл. 1 от C1 на B.Cu и прочие
    @(90,393 мм, 87,483 мм): Конт.пл. 1 от C3 на F.Cu и прочие
ErrType(2): Не соединённые элементы
    @(70,363 мм, 74,361 мм): Конт.пл. 1 от C5 на Все слои меди
    @(71,435 мм, 72,055 мм): Конт.пл. 1 от C7 на B.Cu и прочие
ErrType(2): Не соединённые элементы
    @(90,495 мм, 84,993 мм): Конт.пл. 1 от C1 на B.Cu и прочие
    @(86,786 мм, 84,506 мм): Конт.пл. 7 от U1 на B.Cu и прочие
ErrType(2): Не соединённые элементы
    @(73,650 мм, 67,986 мм): Конт.пл. 1 от C8 на B.Cu и прочие
    @(71,435 мм, 72,055 мм): Конт.пл. 1 от C7 на B.Cu и прочие
ErrType(2): Не соединённые элементы
    @(70,363 мм, 74,361 мм): Конт.пл. 1 от C5 на Все слои меди
    @(65,339 мм, 79,151 мм): Конт.пл. 1 от C4 на Все слои меди
ErrType(2): Не соединённые элементы
    @(65,314 мм, 68,214 мм): Конт.пл. 1 от C2 на Все слои меди
    @(72,283 мм, 67,418 мм): Конт.пл. 1 от D3 на F.Cu и прочие
ErrType(2): Не соединённые элементы
    @(65,314 мм, 68,214 мм): Конт.пл. 1 от C2 на Все слои меди
    @(60,203 мм, 55,864 мм): Конт.пл. 2 от R6 на B.Cu и прочие
ErrType(2): Не соединённые элементы
    @(73,650 мм, 67,986 мм): Конт.пл. 1 от C8 на B.Cu и прочие
    @(89,834 мм, 62,738 мм): Конт.пл. 7 от U2 на B.Cu и прочие
ErrType(2): Не соединённые элементы
    @(86,786 мм, 84,506 мм): Конт.пл. 7 от U1 на B.Cu и прочие
    @(70,363 мм, 74,361 мм): Конт.пл. 1 от C5 на Все слои меди
ErrType(2): Не соединённые элементы
    @(79,591 мм, 66,431 мм): Конт.пл. 1 от C9 на B.Cu и прочие
    @(79,543 мм, 64,066 мм): Конт.пл. 2 от R3 на B.Cu и прочие
ErrType(2): Не соединённые элементы
    @(74,833 мм, 62,916 мм): Конт.пл. 1 от R8 на B.Cu и прочие
    @(75,844 мм, 59,350 мм): Конт.пл. 1 от D8 на B.Cu и прочие
ErrType(2): Не соединённые элементы
    @(79,543 мм, 64,066 мм): Конт.пл. 2 от R3 на B.Cu и прочие
    @(74,833 мм, 62,916 мм): Конт.пл. 1 от R8 на B.Cu и прочие
ErrType(2): Не соединённые элементы
    @(84,634 мм, 62,738 мм): Конт.пл. 2 от U2 на B.Cu и прочие
    @(79,543 мм, 64,066 мм): Конт.пл. 2 от R3 на B.Cu и прочие
ErrType(2): Не соединённые элементы
    @(124,629 мм, 63,597 мм): Конт.пл. 2 от R4 на B.Cu и прочие
    @(84,634 мм, 62,738 мм): Конт.пл. 2 от U2 на B.Cu и прочие
ErrType(2): Не соединённые элементы
    @(84,592 мм, 81,707 мм): Конт.пл. 1 от R10 на F.Cu и прочие
    @(82,255 мм, 81,803 мм): Конт.пл. 2 от C10 на F.Cu и прочие
ErrType(2): Не соединённые элементы
    @(80,355 мм, 81,803 мм): Конт.пл. 1 от C10 на F.Cu и прочие
    @(81,586 мм, 83,236 мм): Конт.пл. 3 от U1 на B.Cu и прочие
ErrType(2): Не соединённые элементы
    @(83,718 мм, 87,813 мм): Конт.пл. 2 от C11 на B.Cu и прочие
    @(81,586 мм, 85,776 мм): Конт.пл. 1 от U1 на B.Cu и прочие
ErrType(2): Не соединённые элементы
    @(81,586 мм, 85,776 мм): Конт.пл. 1 от U1 на B.Cu и прочие
    @(81,176 мм, 77,800 мм): Конт.пл. 1 от D9 на F.Cu и прочие
ErrType(2): Не соединённые элементы
    @(73,249 мм, 81,281 мм): Конт.пл. 1 от L1 на F.Cu и прочие
    @(81,176 мм, 77,800 мм): Конт.пл. 1 от D9 на F.Cu и прочие
ErrType(2): Не соединённые элементы
    @(86,786 мм, 85,776 мм): Конт.пл. 8 от U1 на B.Cu и прочие
    @(85,618 мм, 87,813 мм): Конт.пл. 1 от C11 на B.Cu и прочие
ErrType(2): Не соединённые элементы
    @(80,853 мм, 62,855 мм): Конт.пл. 2 от C12 на F.Cu и прочие
    @(82,666 мм, 62,814 мм): Конт.пл. 1 от R12 на F.Cu и прочие
ErrType(2): Не соединённые элементы
    @(84,634 мм, 61,468 мм): Конт.пл. 3 от U2 на B.Cu и прочие
    @(78,953 мм, 62,855 мм): Конт.пл. 1 от C12 на F.Cu и прочие
ErrType(2): Не соединённые элементы
    @(145,115 мм, 111,262 мм): Конт.пл. 1 от C28 на B.Cu и прочие
    @(145,471 мм, 111,989 мм): Конт.пл. 8 от U5 на F.Cu и прочие
ErrType(2): Не соединённые элементы
    @(110,890 мм, 62,067 мм): Конт.пл. 1 от R51 на B.Cu и прочие
    @(112,168 мм, 62,596 мм): Конт.пл. 1 от D43 на F.Cu и прочие
ErrType(2): Не соединённые элементы
    @(153,345 мм, 54,807 мм): Конт.пл. 1 от D44 на F.Cu и прочие
    @(154,465 мм, 55,651 мм): Конт.пл. 1 от C32 на B.Cu и прочие
ErrType(2): Не соединённые элементы
    @(139,324 мм, 109,073 мм): Конт.пл. 2 от D35 на F.Cu и прочие
    @(139,309 мм, 107,107 мм): Конт.пл. 2 от D34 на F.Cu и прочие
ErrType(2): Не соединённые элементы
    @(154,465 мм, 55,651 мм): Конт.пл. 1 от C32 на B.Cu и прочие
    @(156,129 мм, 57,577 мм): Конт.пл. 1 от C30 на F.Cu и прочие
ErrType(2): Не соединённые элементы
    @(145,115 мм, 111,262 мм): Конт.пл. 1 от C28 на B.Cu и прочие
    @(144,628 мм, 108,707 мм): Конт.пл. 1 от C29 на B.Cu и прочие
ErrType(2): Не соединённые элементы
    @(145,471 мм, 111,989 мм): Конт.пл. 8 от U5 на F.Cu и прочие
    @(146,739 мм, 114,615 мм): Конт.пл. 1 от R57 на B.Cu и прочие
ErrType(2): Не соединённые элементы
    @(82,337 мм, 84,033 мм): Конт.пл. 1 от C15 на F.Cu и прочие
    @(81,320 мм, 87,300 мм): Конт.пл. 1 от C14 на F.Cu и прочие
ErrType(2): Не соединённые элементы
    @(110,890 мм, 62,067 мм): Конт.пл. 1 от R51 на B.Cu и прочие
    @(112,123 мм, 57,976 мм): Конт.пл. 1 от C31 на F.Cu и прочие
ErrType(2): Не соединённые элементы
    @(139,324 мм, 109,073 мм): Конт.пл. 2 от D35 на F.Cu и прочие
    @(144,628 мм, 108,707 мм): Конт.пл. 1 от C29 на B.Cu и прочие
ErrType(2): Не соединённые элементы
    @(147,687 мм, 102,987 мм): Конт.пл. 1 от R48 на F.Cu и прочие
    @(144,628 мм, 108,707 мм): Конт.пл. 1 от C29 на B.Cu и прочие
ErrType(2): Не соединённые элементы
    @(82,337 мм, 84,033 мм): Конт.пл. 1 от C15 на F.Cu и прочие
    @(81,067 мм, 77,653 мм): Конт.пл. 2 от R13 на B.Cu и прочие
ErrType(2): Не соединённые элементы
    @(81,320 мм, 87,300 мм): Конт.пл. 1 от C14 на F.Cu и прочие
    @(73,249 мм, 87,681 мм): Конт.пл. 2 от L1 на F.Cu и прочие
ErrType(2): Не соединённые элементы
    @(65,075 мм, 90,023 мм): Конт.пл. 1 от C17 на Все слои меди
    @(73,249 мм, 87,681 мм): Конт.пл. 2 от L1 на F.Cu и прочие
ErrType(2): Не соединённые элементы
    @(112,168 мм, 62,596 мм): Конт.пл. 1 от D43 на F.Cu и прочие
    @(121,671 мм, 63,111 мм): Конт.пл. 1 от R49 на F.Cu и прочие
ErrType(2): Не соединённые элементы
    @(121,671 мм, 63,111 мм): Конт.пл. 1 от R49 на F.Cu и прочие
    @(133,358 мм, 62,220 мм): Конт.пл. 1 от D42 на F.Cu и прочие
ErrType(2): Не соединённые элементы
    @(137,317 мм, 95,204 мм): Конт.пл. 2 от R72 на B.Cu и прочие
    @(139,309 мм, 107,107 мм): Конт.пл. 2 от D34 на F.Cu и прочие
ErrType(2): Не соединённые элементы
    @(153,345 мм, 54,807 мм): Конт.пл. 1 от D44 на F.Cu и прочие
    @(133,358 мм, 62,220 мм): Конт.пл. 1 от D42 на F.Cu и прочие
ErrType(2): Не соединённые элементы
    @(133,358 мм, 62,220 мм): Конт.пл. 1 от D42 на F.Cu и прочие
    @(137,317 мм, 95,204 мм): Конт.пл. 2 от R72 на B.Cu и прочие
ErrType(2): Не соединённые элементы
    @(81,067 мм, 77,653 мм): Конт.пл. 2 от R13 на B.Cu и прочие
    @(110,890 мм, 62,067 мм): Конт.пл. 1 от R51 на B.Cu и прочие
ErrType(2): Не соединённые элементы
    @(83,327 мм, 73,578 мм): Конт.пл. 2 от L2 на F.Cu и прочие
    @(84,496 мм, 71,552 мм): Конт.пл. 1 от C18 на B.Cu и прочие
ErrType(2): Не соединённые элементы
    @(88,763 мм, 72,868 мм): Конт.пл. 1 от C16 на B.Cu и прочие
    @(84,496 мм, 71,552 мм): Конт.пл. 1 от C18 на B.Cu и прочие
ErrType(2): Не соединённые элементы
    @(88,763 мм, 72,868 мм): Конт.пл. 1 от C16 на B.Cu и прочие
    @(93,426 мм, 72,685 мм): Конт.пл. 1 от C19 на Все слои меди
ErrType(2): Не соединённые элементы
    @(84,496 мм, 71,552 мм): Конт.пл. 1 от C18 на B.Cu и прочие
    @(88,321 мм, 58,003 мм): Конт.пл. 2 от R15 на B.Cu и прочие
ErrType(2): Не соединённые элементы
    @(155,126 мм, 67,752 мм): Конт.пл. VIN_1 от U3 на Все слои меди
    @(93,426 мм, 72,685 мм): Конт.пл. 1 от C19 на Все слои меди
ErrType(2): Не соединённые элементы
    @(135,782 мм, 76,302 мм): Конт.пл. 1 от R22 на F.Cu и прочие
    @(134,696 мм, 78,669 мм): Конт.пл. 1 от C20 на F.Cu и прочие
ErrType(2): Не соединённые элементы
    @(137,323 мм, 78,718 мм): Конт.пл. 1 от R24 на F.Cu и прочие
    @(134,696 мм, 78,669 мм): Конт.пл. 1 от C20 на F.Cu и прочие
ErrType(2): Не соединённые элементы
    @(137,323 мм, 78,718 мм): Конт.пл. 1 от R24 на F.Cu и прочие
    @(140,081 мм, 78,880 мм): Конт.пл. 1 от D23 на F.Cu и прочие
ErrType(2): Не соединённые элементы
    @(135,782 мм, 76,302 мм): Конт.пл. 1 от R22 на F.Cu и прочие
    @(137,346 мм, 67,752 мм): Конт.пл. D5 от U3 на Все слои меди
ErrType(2): Не соединённые элементы
    @(114,336 мм, 94,767 мм): Конт.пл. 1 от D24 на F.Cu и прочие
    @(114,300 мм, 92,207 мм): Конт.пл. 1 от R26 на F.Cu и прочие
ErrType(2): Не соединённые элементы
    @(114,336 мм, 94,767 мм): Конт.пл. 1 от D24 на F.Cu и прочие
    @(114,163 мм, 97,470 мм): Конт.пл. 1 от C21 на F.Cu и прочие
ErrType(2): Не соединённые элементы
    @(114,300 мм, 92,207 мм): Конт.пл. 1 от R26 на F.Cu и прочие
    @(115,292 мм, 89,378 мм): Конт.пл. 1 от R23 на F.Cu и прочие
ErrType(2): Не соединённые элементы
    @(114,163 мм, 97,470 мм): Конт.пл. 1 от C21 на F.Cu и прочие
    @(109,406 мм, 103,312 мм): Конт.пл. D42 от U3 на Все слои меди
ErrType(2): Не соединённые элементы
    @(124,582 мм, 97,155 мм): Конт.пл. 1 от C22 на F.Cu и прочие
    @(124,755 мм, 94,529 мм): Конт.пл. 1 от D25 на F.Cu и прочие
ErrType(2): Не соединённые элементы
    @(124,755 мм, 94,529 мм): Конт.пл. 1 от D25 на F.Cu и прочие
    @(126,629 мм, 92,177 мм): Конт.пл. 1 от R30 на F.Cu и прочие
ErrType(2): Не соединённые элементы
    @(126,629 мм, 92,177 мм): Конт.пл. 1 от R30 на F.Cu и прочие
    @(128,380 мм, 89,428 мм): Конт.пл. 1 от R25 на F.Cu и прочие
ErrType(2): Не соединённые элементы
    @(139,886 мм, 103,312 мм): Конт.пл. A2 от U3 на Все слои меди
    @(124,582 мм, 97,155 мм): Конт.пл. 1 от C22 на F.Cu и прочие
ErrType(2): Не соединённые элементы
    @(143,868 мм, 89,388 мм): Конт.пл. 1 от R27 на F.Cu и прочие
    @(143,829 мм, 91,603 мм): Конт.пл. 1 от R31 на F.Cu и прочие
ErrType(2): Не соединённые элементы
    @(141,895 мм, 97,048 мм): Конт.пл. 1 от C23 на F.Cu и прочие
    @(142,039 мм, 94,077 мм): Конт.пл. 1 от D26 на F.Cu и прочие
ErrType(2): Не соединённые элементы
    @(143,829 мм, 91,603 мм): Конт.пл. 1 от R31 на F.Cu и прочие
    @(142,039 мм, 94,077 мм): Конт.пл. 1 от D26 на F.Cu и прочие
ErrType(2): Не соединённые элементы
    @(142,426 мм, 103,312 мм): Конт.пл. A0 от U3 на Все слои меди
    @(141,895 мм, 97,048 мм): Конт.пл. 1 от C23 на F.Cu и прочие
ErrType(2): Не соединённые элементы
    @(135,402 мм, 96,820 мм): Конт.пл. 1 от C24 на F.Cu и прочие
    @(135,453 мм, 94,122 мм): Конт.пл. 1 от D27 на F.Cu и прочие
ErrType(2): Не соединённые элементы
    @(135,453 мм, 94,122 мм): Конт.пл. 1 от D27 на F.Cu и прочие
    @(137,184 мм, 91,328 мм): Конт.пл. 1 от R32 на F.Cu и прочие
ErrType(2): Не соединённые элементы
    @(137,184 мм, 91,328 мм): Конт.пл. 1 от R32 на F.Cu и прочие
    @(139,102 мм, 88,636 мм): Конт.пл. 1 от R28 на F.Cu и прочие
ErrType(2): Не соединённые элементы
    @(142,426 мм, 100,772 мм): Конт.пл. A1 от U3 на Все слои меди
    @(135,402 мм, 96,820 мм): Конт.пл. 1 от C24 на F.Cu и прочие
ErrType(2): Не соединённые элементы
    @(150,651 мм, 83,266 мм): Конт.пл. 1 от R33 на F.Cu и прочие
    @(150,652 мм, 85,598 мм): Конт.пл. 1 от C25 на F.Cu и прочие
ErrType(2): Не соединённые элементы
    @(150,729 мм, 80,731 мм): Конт.пл. 1 от D28 на F.Cu и прочие
    @(150,651 мм, 83,266 мм): Конт.пл. 1 от R33 на F.Cu и прочие
ErrType(2): Не соединённые элементы
    @(146,619 мм, 83,146 мм): Конт.пл. 1 от R29 на F.Cu и прочие
    @(150,651 мм, 83,266 мм): Конт.пл. 1 от R33 на F.Cu и прочие
ErrType(2): Не соединённые элементы
    @(150,652 мм, 85,598 мм): Конт.пл. 1 от C25 на F.Cu и прочие
    @(139,886 мм, 100,772 мм): Конт.пл. A3 от U3 на Все слои меди
ErrType(2): Не соединённые элементы
    @(153,096 мм, 89,184 мм): Конт.пл. 1 от C26 на B.Cu и прочие
    @(153,157 мм, 91,374 мм): Конт.пл. 1 от C27 на B.Cu и прочие
ErrType(2): Не соединённые элементы
    @(145,197 мм, 62,123 мм): Конт.пл. 2 от D29 на B.Cu и прочие
    @(145,151 мм, 64,399 мм): Конт.пл. 1 от R38 на B.Cu и прочие
ErrType(2): Не соединённые элементы
    @(152,781 мм, 86,599 мм): Конт.пл. 2 от U4 на B.Cu и прочие
    @(153,096 мм, 89,184 мм): Конт.пл. 1 от C26 на B.Cu и прочие
ErrType(2): Не соединённые элементы
    @(153,157 мм, 91,374 мм): Конт.пл. 1 от C27 на B.Cu и прочие
    @(151,497 мм, 94,381 мм): Конт.пл. 2 от R68 на B.Cu и прочие
ErrType(2): Не соединённые элементы
    @(145,197 мм, 62,123 мм): Конт.пл. 2 от D29 на B.Cu и прочие
    @(143,337 мм, 57,008 мм): Конт.пл. 2 от D32 на F.Cu и прочие
ErrType(2): Не соединённые элементы
    @(143,155 мм, 73,741 мм): Конт.пл. 1 от C33 на B.Cu и прочие
    @(148,920 мм, 73,919 мм): Конт.пл. 2 от R67 на B.Cu и прочие
ErrType(2): Не соединённые элементы
    @(150,046 мм, 67,752 мм): Конт.пл. 5V_1 от U3 на Все слои меди
    @(145,151 мм, 64,399 мм): Конт.пл. 1 от R38 на B.Cu и прочие
ErrType(2): Не соединённые элементы
    @(150,046 мм, 67,752 мм): Конт.пл. 5V_1 от U3 на Все слои меди
    @(148,920 мм, 73,919 мм): Конт.пл. 2 от R67 на B.Cu и прочие
ErrType(2): Не соединённые элементы
    @(152,781 мм, 86,599 мм): Конт.пл. 2 от U4 на B.Cu и прочие
    @(148,920 мм, 73,919 мм): Конт.пл. 2 от R67 на B.Cu и прочие
ErrType(2): Не соединённые элементы
    @(136,535 мм, 91,689 мм): Конт.пл. 2 от R74 на B.Cu и прочие
    @(151,497 мм, 94,381 мм): Конт.пл. 2 от R68 на B.Cu и прочие
ErrType(2): Не соединённые элементы
    @(132,381 мм, 45,883 мм): Конт.пл. 2 от D30 на B.Cu и прочие
    @(143,337 мм, 57,008 мм): Конт.пл. 2 от D32 на F.Cu и прочие
ErrType(2): Не соединённые элементы
    @(143,155 мм, 73,741 мм): Конт.пл. 1 от C33 на B.Cu и прочие
    @(126,129 мм, 75,524 мм): Конт.пл. 2 от R56 на F.Cu и прочие
ErrType(2): Не соединённые элементы
    @(132,987 мм, 110,068 мм): Конт.пл. 2 от R70 на B.Cu и прочие
    @(115,809 мм, 113,151 мм): Конт.пл. 2 от F5 на F.Cu и прочие
ErrType(2): Не соединённые элементы
    @(132,987 мм, 110,068 мм): Конт.пл. 2 от R70 на B.Cu и прочие
    @(136,535 мм, 91,689 мм): Конт.пл. 2 от R74 на B.Cu и прочие
ErrType(2): Не соединённые элементы
    @(144,749 мм, 79,171 мм): Конт.пл. 2 от U7 на B.Cu и прочие
    @(146,649 мм, 79,171 мм): Конт.пл. 1 от U7 на B.Cu и прочие
ErrType(2): Не соединённые элементы
    @(140,864 мм, 77,688 мм): Конт.пл. 1 от C34 на B.Cu и прочие
    @(144,749 мм, 79,171 мм): Конт.пл. 2 от U7 на B.Cu и прочие
ErrType(2): Не соединённые элементы
    @(144,966 мм, 70,292 мм): Конт.пл. AREF от U3 на Все слои меди
    @(147,095 мм, 73,919 мм): Конт.пл. 1 от R67 на B.Cu и прочие
ErrType(2): Не соединённые элементы
    @(147,095 мм, 73,919 мм): Конт.пл. 1 от R67 на B.Cu и прочие
    @(146,649 мм, 79,171 мм): Конт.пл. 1 от U7 на B.Cu и прочие
ErrType(2): Не соединённые элементы
    @(137,455 мм, 109,896 мм): Конт.пл. 2 от R71 на B.Cu и прочие
    @(144,749 мм, 79,171 мм): Конт.пл. 2 от U7 на B.Cu и прочие
ErrType(2): Не соединённые элементы
    @(76,952 мм, 78,641 мм): Конт.пл. 2 от D2 на B.Cu и прочие
    @(134,806 мм, 67,752 мм): Конт.пл. D7 от U3 на Все слои меди
ErrType(2): Не соединённые элементы
    @(76,952 мм, 82,141 мм): Конт.пл. 1 от D2 на B.Cu и прочие
    @(77,359 мм, 84,506 мм): Конт.пл. 1 от R2 на B.Cu и прочие
ErrType(2): Не соединённые элементы
    @(81,681 мм, 52,507 мм): Конт.пл. 2 от R1 на B.Cu и прочие
    @(80,965 мм, 55,814 мм): Конт.пл. 2 от D6 на B.Cu и прочие
ErrType(2): Не соединённые элементы
    @(78,220 мм, 49,103 мм): Конт.пл. 1 от D4 на B.Cu и прочие
    @(81,681 мм, 52,507 мм): Конт.пл. 2 от R1 на B.Cu и прочие
ErrType(2): Не соединённые элементы
    @(131,747 мм, 63,586 мм): Конт.пл. 2 от D5 на B.Cu и прочие
    @(132,266 мм, 67,752 мм): Конт.пл. D9 от U3 на Все слои меди
ErrType(2): Не соединённые элементы
    @(128,247 мм, 63,586 мм): Конт.пл. 1 от D5 на B.Cu и прочие
    @(126,279 мм, 63,597 мм): Конт.пл. 1 от R4 на B.Cu и прочие
ErrType(2): Не соединённые элементы
    @(80,965 мм, 59,314 мм): Конт.пл. 1 от D6 на B.Cu и прочие
    @(79,543 мм, 62,416 мм): Конт.пл. 1 от R3 на B.Cu и прочие
ErrType(2): Не соединённые элементы
    @(60,589 мм, 56,454 мм): Конт.пл. 2 от D7 на F.Cu и прочие
    @(60,203 мм, 54,214 мм): Конт.пл. 1 от R6 на B.Cu и прочие
ErrType(2): Не соединённые элементы
    @(98,836 мм, 57,424 мм): Конт.пл. 1 от D11 на B.Cu и прочие
    @(89,713 мм, 47,771 мм): Конт.пл. 1 от R16 на B.Cu и прочие
ErrType(2): Не соединённые элементы
    @(129,637 мм, 74,892 мм): Конт.пл. 1 от D17 на F.Cu и прочие
    @(98,836 мм, 57,424 мм): Конт.пл. 1 от D11 на B.Cu и прочие
ErrType(2): Не соединённые элементы
    @(85,913 мм, 47,833 мм): Конт.пл. 1 от R17 на B.Cu и прочие
    @(94,468 мм, 57,343 мм): Конт.пл. 1 от D12 на B.Cu и прочие
ErrType(2): Не соединённые элементы
    @(94,468 мм, 57,343 мм): Конт.пл. 1 от D12 на B.Cu и прочие
    @(107,396 мм, 89,423 мм): Конт.пл. 2 от D18 на F.Cu и прочие
ErrType(2): Не соединённые элементы
    @(99,858 мм, 57,360 мм): Конт.пл. 1 от D13 на F.Cu и прочие
    @(101,265 мм, 47,791 мм): Конт.пл. 1 от R18 на B.Cu и прочие
ErrType(2): Не соединённые элементы
    @(141,971 мм, 86,685 мм): Конт.пл. 1 от D20 на F.Cu и прочие
    @(99,858 мм, 57,360 мм): Конт.пл. 1 от D13 на F.Cu и прочие
ErrType(2): Не соединённые элементы
    @(107,605 мм, 57,455 мм): Конт.пл. 1 от D14 на F.Cu и прочие
    @(112,349 мм, 47,681 мм): Конт.пл. 1 от R19 на B.Cu и прочие
ErrType(2): Не соединённые элементы
    @(131,471 мм, 88,636 мм): Конт.пл. 1 от D21 на F.Cu и прочие
    @(107,605 мм, 57,455 мм): Конт.пл. 1 от D14 на F.Cu и прочие
ErrType(2): Не соединённые элементы
    @(94,828 мм, 57,360 мм): Конт.пл. 1 от D15 на F.Cu и прочие
    @(97,358 мм, 47,823 мм): Конт.пл. 1 от R20 на B.Cu и прочие
ErrType(2): Не соединённые элементы
    @(120,731 мм, 89,484 мм): Конт.пл. 2 от D19 на F.Cu и прочие
    @(94,828 мм, 57,360 мм): Конт.пл. 1 от D15 на F.Cu и прочие
ErrType(2): Не соединённые элементы
    @(103,271 мм, 57,445 мм): Конт.пл. 1 от D16 на B.Cu и прочие
    @(93,569 мм, 47,802 мм): Конт.пл. 1 от R21 на B.Cu и прочие
ErrType(2): Не соединённые элементы
    @(145,390 мм, 78,791 мм): Конт.пл. 1 от D22 на F.Cu и прочие
    @(103,271 мм, 57,445 мм): Конт.пл. 1 от D16 на B.Cu и прочие
ErrType(2): Не соединённые элементы
    @(133,137 мм, 74,892 мм): Конт.пл. 2 от D17 на F.Cu и прочие
    @(137,607 мм, 76,302 мм): Конт.пл. 2 от R22 на F.Cu и прочие
ErrType(2): Не соединённые элементы
    @(110,896 мм, 89,423 мм): Конт.пл. 1 от D18 на F.Cu и прочие
    @(113,467 мм, 89,378 мм): Конт.пл. 2 от R23 на F.Cu и прочие
ErrType(2): Не соединённые элементы
    @(126,555 мм, 89,428 мм): Конт.пл. 2 от R25 на F.Cu и прочие
    @(124,231 мм, 89,484 мм): Конт.пл. 1 от D19 на F.Cu и прочие
ErrType(2): Не соединённые элементы
    @(145,692 мм, 89,388 мм): Конт.пл. 2 от R27 на F.Cu и прочие
    @(145,471 мм, 86,685 мм): Конт.пл. 2 от D20 на F.Cu и прочие
ErrType(2): Не соединённые элементы
    @(134,971 мм, 88,636 мм): Конт.пл. 2 от D21 на F.Cu и прочие
    @(137,277 мм, 88,636 мм): Конт.пл. 2 от R28 на F.Cu и прочие
ErrType(2): Не соединённые элементы
    @(145,390 мм, 75,291 мм): Конт.пл. 2 от D22 на F.Cu и прочие
    @(146,619 мм, 81,321 мм): Конт.пл. 2 от R29 на F.Cu и прочие
ErrType(2): Не соединённые элементы
    @(143,326 мм, 64,399 мм): Конт.пл. 2 от R38 на B.Cu и прочие
    @(141,178 мм, 64,353 мм): Конт.пл. 2 от R43 на B.Cu и прочие
ErrType(2): Не соединённые элементы
    @(139,690 мм, 57,865 мм): Конт.пл. 2 от R41 на F.Cu и прочие
    @(142,646 мм, 58,032 мм): Конт.пл. 1 от R35 на B.Cu и прочие
ErrType(2): Не соединённые элементы
    @(142,646 мм, 58,032 мм): Конт.пл. 1 от R35 на B.Cu и прочие
    @(143,197 мм, 61,173 мм): Конт.пл. 3 от D29 на B.Cu и прочие
ErrType(2): Не соединённые элементы
    @(143,197 мм, 61,173 мм): Конт.пл. 3 от D29 на B.Cu и прочие
    @(143,326 мм, 64,399 мм): Конт.пл. 2 от R38 на B.Cu и прочие
ErrType(2): Не соединённые элементы
    @(127,926 мм, 48,346 мм): Конт.пл. 1 от R36 на B.Cu и прочие
    @(131,431 мм, 47,883 мм): Конт.пл. 3 от D30 на B.Cu и прочие
ErrType(2): Не соединённые элементы
    @(131,431 мм, 47,883 мм): Конт.пл. 3 от D30 на B.Cu и прочие
    @(131,653 мм, 57,338 мм): Конт.пл. 1 от R39 на F.Cu и прочие
ErrType(2): Не соединённые элементы
    @(131,653 мм, 57,338 мм): Конт.пл. 1 от R39 на F.Cu и прочие
    @(122,193 мм, 57,368 мм): Конт.пл. 2 от R42 на B.Cu и прочие
ErrType(2): Не соединённые элементы
    @(130,003 мм, 57,338 мм): Конт.пл. 2 от R39 на F.Cu и прочие
    @(128,356 мм, 57,348 мм): Конт.пл. 2 от D31 на F.Cu и прочие
ErrType(2): Не соединённые элементы
    @(139,690 мм, 56,215 мм): Конт.пл. 1 от R41 на F.Cu и прочие
    @(141,762 мм, 57,008 мм): Конт.пл. 1 от D32 на F.Cu и прочие
ErrType(2): Не соединённые элементы
    @(63,886 мм, 98,268 мм): Конт.пл. 2 от D33 на F.Cu и прочие
    @(63,911 мм, 100,289 мм): Конт.пл. 2 от R47 на F.Cu и прочие
ErrType(2): Не соединённые элементы
    @(137,734 мм, 107,107 мм): Конт.пл. 1 от D34 на F.Cu и прочие
    @(135,823 мм, 107,130 мм): Конт.пл. 2 от R50 на F.Cu и прочие
ErrType(2): Не соединённые элементы
    @(137,749 мм, 109,073 мм): Конт.пл. 1 от D35 на F.Cu и прочие
    @(135,809 мм, 109,063 мм): Конт.пл. 2 от R52 на F.Cu и прочие
ErrType(2): Не соединённые элементы
    @(148,361 мм, 118,440 мм): Конт.пл. 2 от J5 на Все слои меди
    @(146,061 мм, 114,666 мм): Конт.пл. 1 от R58 на F.Cu и прочие
ErrType(2): Не соединённые элементы
    @(148,361 мм, 118,440 мм): Конт.пл. 2 от J5 на Все слои меди
    @(148,123 мм, 123,088 мм): Конт.пл. 1 от R60 на B.Cu и прочие
ErrType(2): Не соединённые элементы
    @(148,361 мм, 118,440 мм): Конт.пл. 2 от J5 на Все слои меди
    @(154,224 мм, 120,542 мм): Конт.пл. 1 от D36 на B.Cu и прочие
ErrType(2): Не соединённые элементы
    @(144,551 мм, 118,440 мм): Конт.пл. 1 от J5 на Все слои меди
    @(142,231 мм, 114,884 мм): Конт.пл. 1 от R59 на F.Cu и прочие
ErrType(2): Не соединённые элементы
    @(145,198 мм, 123,088 мм): Конт.пл. 2 от R60 на B.Cu и прочие
    @(144,551 мм, 118,440 мм): Конт.пл. 1 от J5 на Все слои меди
ErrType(2): Не соединённые элементы
    @(154,234 мм, 121,720 мм): Конт.пл. 1 от D37 на F.Cu и прочие
    @(145,198 мм, 123,088 мм): Конт.пл. 2 от R60 на B.Cu и прочие
ErrType(2): Не соединённые элементы
    @(120,710 мм, 121,839 мм): Конт.пл. 5 от J8 на Все слои меди
    @(115,743 мм, 124,184 мм): Конт.пл. 2 от D38 на F.Cu и прочие
ErrType(2): Не соединённые элементы
    @(73,477 мм, 112,497 мм): Конт.пл. 2 от R61 на F.Cu и прочие
    @(71,267 мм, 112,512 мм): Конт.пл. 1 от D39 на F.Cu и прочие
ErrType(2): Не соединённые элементы
    @(88,971 мм, 112,542 мм): Конт.пл. 1 от D40 на F.Cu и прочие
    @(90,813 мм, 112,537 мм): Конт.пл. 2 от R62 на F.Cu и прочие
ErrType(2): Не соединённые элементы
    @(107,020 мм, 112,542 мм): Конт.пл. 1 от D41 на F.Cu и прочие
    @(108,804 мм, 112,476 мм): Конт.пл. 2 от R63 на F.Cu и прочие
ErrType(2): Не соединённые элементы
    @(137,251 мм, 57,287 мм): Конт.пл. 2 от F1 на F.Cu и прочие
    @(137,358 мм, 62,220 мм): Конт.пл. 2 от D42 на F.Cu и прочие
ErrType(2): Не соединённые элементы
    @(116,168 мм, 62,596 мм): Конт.пл. 2 от D43 на F.Cu и прочие
    @(116,124 мм, 59,422 мм): Конт.пл. 2 от F2 на F.Cu и прочие
ErrType(2): Не соединённые элементы
    @(153,736 мм, 47,214 мм): Конт.пл. 2 от F3 на F.Cu и прочие
    @(153,345 мм, 50,807 мм): Конт.пл. 2 от D44 на F.Cu и прочие
ErrType(2): Не соединённые элементы
    @(147,422 мм, 98,085 мм): Конт.пл. 2 от R66 на B.Cu и прочие
    @(145,313 мм, 94,244 мм): Конт.пл. 1 от R65 на B.Cu и прочие
ErrType(2): Не соединённые элементы
    @(147,422 мм, 98,085 мм): Конт.пл. 2 от R66 на B.Cu и прочие
    @(152,639 мм, 99,060 мм): Конт.пл. 3 от D45 на B.Cu и прочие
ErrType(2): Не соединённые элементы
    @(147,422 мм, 98,085 мм): Конт.пл. 2 от R66 на B.Cu и прочие
    @(137,346 мм, 103,312 мм): Конт.пл. A4 от U3 на Все слои меди
ErrType(2): Не соединённые элементы
    @(149,672 мм, 94,381 мм): Конт.пл. 1 от R68 на B.Cu и прочие
    @(150,639 мм, 98,110 мм): Конт.пл. 2 от D45 на B.Cu и прочие
ErrType(2): Не соединённые элементы
    @(150,639 мм, 98,110 мм): Конт.пл. 2 от D45 на B.Cu и прочие
    @(146,827 мм, 104,303 мм): Конт.пл. 1 от D46 на B.Cu и прочие
ErrType(2): Не соединённые элементы
    @(137,647 мм, 113,558 мм): Конт.пл. 3 от D47 на B.Cu и прочие
    @(135,630 мм, 109,896 мм): Конт.пл. 1 от R71 на B.Cu и прочие
ErrType(2): Не соединённые элементы
    @(131,205 мм, 113,467 мм): Конт.пл. 1 от R69 на B.Cu и прочие
    @(135,630 мм, 109,896 мм): Конт.пл. 1 от R71 на B.Cu и прочие
ErrType(2): Не соединённые элементы
    @(135,630 мм, 109,896 мм): Конт.пл. 1 от R71 на B.Cu и прочие
    @(134,806 мм, 103,312 мм): Конт.пл. A6 от U3 на Все слои меди
ErrType(2): Не соединённые элементы
    @(132,340 мм, 112,806 мм): Конт.пл. 1 от D48 на F.Cu и прочие
    @(131,162 мм, 110,068 мм): Конт.пл. 1 от R70 на B.Cu и прочие
ErrType(2): Не соединённые элементы
    @(135,647 мм, 112,608 мм): Конт.пл. 2 от D47 на B.Cu и прочие
    @(132,340 мм, 112,806 мм): Конт.пл. 1 от D48 на F.Cu и прочие
ErrType(2): Не соединённые элементы
    @(139,458 мм, 97,328 мм): Конт.пл. 2 от R73 на B.Cu и прочие
    @(137,346 мм, 100,772 мм): Конт.пл. A5 от U3 на Все слои меди
ErrType(2): Не соединённые элементы
    @(135,492 мм, 95,204 мм): Конт.пл. 1 от R72 на B.Cu и прочие
    @(139,458 мм, 97,328 мм): Конт.пл. 2 от R73 на B.Cu и прочие
ErrType(2): Не соединённые элементы
    @(141,534 мм, 92,781 мм): Конт.пл. 3 от D49 на B.Cu и прочие
    @(139,458 мм, 97,328 мм): Конт.пл. 2 от R73 на B.Cu и прочие
ErrType(2): Не соединённые элементы
    @(134,710 мм, 91,689 мм): Конт.пл. 1 от R74 на B.Cu и прочие
    @(139,534 мм, 91,831 мм): Конт.пл. 2 от D49 на B.Cu и прочие
ErrType(2): Не соединённые элементы
    @(130,737 мм, 96,979 мм): Конт.пл. 1 от D50 на B.Cu и прочие
    @(134,710 мм, 91,689 мм): Конт.пл. 1 от R74 на B.Cu и прочие
ErrType(2): Не соединённые элементы
    @(60,904 мм, 47,580 мм): Конт.пл. 2 от F6 на F.Cu и прочие
    @(72,429 мм, 54,585 мм): Конт.пл. 2 от J1 на Все слои меди
ErrType(2): Не соединённые элементы
    @(116,134 мм, 52,548 мм): Конт.пл. 1 от J3 на Все слои меди
    @(116,124 мм, 56,622 мм): Конт.пл. 1 от F2 на F.Cu и прочие
ErrType(2): Не соединённые элементы
    @(146,263 мм, 52,573 мм): Конт.пл. 1 от J7 на Все слои меди
    @(150,936 мм, 47,214 мм): Конт.пл. 1 от F3 на F.Cu и прочие
ErrType(2): Не соединённые элементы
    @(104,993 мм, 74,123 мм): Конт.пл. 1 от JP1 на F.Cu и прочие
    @(100,366 мм, 70,301 мм): Конт.пл. 1 от F4 на F.Cu и прочие
ErrType(2): Не соединённые элементы
    @(147,506 мм, 67,752 мм): Конт.пл. 3V3_1 от U3 на Все слои меди
    @(147,506 мм, 70,292 мм): Конт.пл. 3V3_2 от U3 на Все слои меди
ErrType(2): Не соединённые элементы
    @(147,506 мм, 70,292 мм): Конт.пл. 3V3_2 от U3 на Все слои меди
    @(100,366 мм, 73,101 мм): Конт.пл. 2 от F4 на F.Cu и прочие
ErrType(2): Не соединённые элементы
    @(114,965 мм, 95,050 мм): Конт.пл. 2 от R76 на B.Cu и прочие
    @(116,801 мм, 95,098 мм): Конт.пл. 2 от Q2 на B.Cu и прочие
ErrType(2): Не соединённые элементы
    @(121,524 мм, 108,372 мм): Конт.пл. 2 от J10 на Все слои меди
    @(115,809 мм, 115,951 мм): Конт.пл. 1 от F5 на F.Cu и прочие
ErrType(2): Не соединённые элементы
    @(93,860 мм, 78,469 мм): Конт.пл. 1 от RV5 на F.Cu и прочие
    @(104,993 мм, 76,723 мм): Конт.пл. 3 от JP1 на F.Cu и прочие
ErrType(2): Не соединённые элементы
    @(115,809 мм, 115,951 мм): Конт.пл. 1 от F5 на F.Cu и прочие
    @(107,158 мм, 108,392 мм): Конт.пл. 2 от J9 на Все слои меди
ErrType(2): Не соединённые элементы
    @(116,801 мм, 95,098 мм): Конт.пл. 2 от Q2 на B.Cu и прочие
    @(121,524 мм, 108,372 мм): Конт.пл. 2 от J10 на Все слои меди
ErrType(2): Не соединённые элементы
    @(114,965 мм, 95,050 мм): Конт.пл. 2 от R76 на B.Cu и прочие
    @(104,993 мм, 76,723 мм): Конт.пл. 3 от JP1 на F.Cu и прочие
ErrType(2): Не соединённые элементы
    @(77,429 мм, 54,585 мм): Конт.пл. 1 от J1 на Все слои меди
    @(79,856 мм, 52,507 мм): Конт.пл. 1 от R1 на B.Cu и прочие
ErrType(2): Не соединённые элементы
    @(85,996 мм, 52,603 мм): Конт.пл. 5 от J2 на Все слои меди
    @(85,913 мм, 49,658 мм): Конт.пл. 2 от R17 на B.Cu и прочие
ErrType(2): Не соединённые элементы
    @(89,713 мм, 49,596 мм): Конт.пл. 2 от R16 на B.Cu и прочие
    @(89,806 мм, 52,603 мм): Конт.пл. 4 от J2 на Все слои меди
ErrType(2): Не соединённые элементы
    @(93,569 мм, 49,627 мм): Конт.пл. 2 от R21 на B.Cu и прочие
    @(93,616 мм, 52,603 мм): Конт.пл. 3 от J2 на Все слои меди
ErrType(2): Не соединённые элементы
    @(97,358 мм, 49,648 мм): Конт.пл. 2 от R20 на B.Cu и прочие
    @(97,426 мм, 52,603 мм): Конт.пл. 2 от J2 на Все слои меди
ErrType(2): Не соединённые элементы
    @(101,236 мм, 52,603 мм): Конт.пл. 1 от J2 на Все слои меди
    @(101,265 мм, 49,616 мм): Конт.пл. 2 от R18 на B.Cu и прочие
ErrType(2): Не соединённые элементы
    @(112,324 мм, 52,548 мм): Конт.пл. 2 от J3 на Все слои меди
    @(112,349 мм, 49,506 мм): Конт.пл. 2 от R19 на B.Cu и прочие
ErrType(2): Не соединённые элементы
    @(123,982 мм, 48,423 мм): Конт.пл. 1 от R34 на B.Cu и прочие
    @(126,101 мм, 48,346 мм): Конт.пл. 2 от R36 на B.Cu и прочие
ErrType(2): Не соединённые элементы
    @(126,101 мм, 48,346 мм): Конт.пл. 2 от R36 на B.Cu и прочие
    @(127,401 мм, 52,573 мм): Конт.пл. 2 от J4 на Все слои меди
ErrType(2): Не соединённые элементы
    @(133,030 мм, 113,467 мм): Конт.пл. 2 от R69 на B.Cu и прочие
    @(133,391 мм, 118,415 мм): Конт.пл. 1 от J6 на Все слои меди
ErrType(2): Не соединённые элементы
    @(142,453 мм, 52,573 мм): Конт.пл. 2 от J7 на Все слои меди
    @(142,646 мм, 56,207 мм): Конт.пл. 2 от R35 на B.Cu и прочие
ErrType(2): Не соединённые элементы
    @(120,807 мм, 117,684 мм): Конт.пл. 10 от U6 на F.Cu и прочие
    @(121,960 мм, 121,839 мм): Конт.пл. 4 от J8 на Все слои меди
ErrType(2): Не соединённые элементы
    @(122,077 мм, 117,684 мм): Конт.пл. 11 от U6 на F.Cu и прочие
    @(123,210 мм, 121,839 мм): Конт.пл. 3 от J8 на Все слои меди
ErrType(2): Не соединённые элементы
    @(124,460 мм, 121,839 мм): Конт.пл. 2 от J8 на Все слои меди
    @(123,347 мм, 117,684 мм): Конт.пл. 12 от U6 на F.Cu и прочие
ErrType(2): Не соединённые элементы
    @(125,710 мм, 121,839 мм): Конт.пл. 1 от J8 на Все слои меди
    @(124,617 мм, 117,684 мм): Конт.пл. 13 от U6 на F.Cu и прочие
ErrType(2): Не соединённые элементы
    @(114,478 мм, 91,296 мм): Конт.пл. 2 от R64 на B.Cu и прочие
    @(114,658 мм, 108,392 мм): Конт.пл. 8 от J9 на Все слои меди
ErrType(2): Не соединённые элементы
    @(109,406 мм, 100,772 мм): Конт.пл. D43 от U3 на Все слои меди
    @(113,408 мм, 108,392 мм): Конт.пл. 7 от J9 на Все слои меди
ErrType(2): Не соединённые элементы
    @(104,326 мм, 93,152 мм): Конт.пл. D52 от U3 на Все слои меди
    @(112,158 мм, 108,392 мм): Конт.пл. 6 от J9 на Все слои меди
ErrType(2): Не соединённые элементы
    @(110,908 мм, 108,392 мм): Конт.пл. 5 от J9 на Все слои меди
    @(106,866 мм, 95,692 мм): Конт.пл. D51 от U3 на Все слои меди
ErrType(2): Не соединённые элементы
    @(109,658 мм, 108,392 мм): Конт.пл. 4 от J9 на Все слои меди
    @(106,866 мм, 93,152 мм): Конт.пл. D53 от U3 на Все слои меди
ErrType(2): Не соединённые элементы
    @(92,710 мм, 82,469 мм): Конт.пл. 2 от RV5 на F.Cu и прочие
    @(108,408 мм, 108,392 мм): Конт.пл. 3 от J9 на Все слои меди
ErrType(2): Не соединённые элементы
    @(125,274 мм, 108,372 мм): Конт.пл. 5 от J10 на Все слои меди
    @(117,026 мм, 100,772 мм): Конт.пл. D37 от U3 на Все слои меди
ErrType(2): Не соединённые элементы
    @(124,024 мм, 108,372 мм): Конт.пл. 4 от J10 на Все слои меди
    @(117,026 мм, 103,312 мм): Конт.пл. D36 от U3 на Все слои меди
ErrType(2): Не соединённые элементы
    @(122,774 мм, 108,372 мм): Конт.пл. 3 от J10 на Все слои меди
    @(119,566 мм, 100,772 мм): Конт.пл. D35 от U3 на Все слои меди
ErrType(2): Не соединённые элементы
    @(98,237 мм, 80,615 мм): Конт.пл. 3 от J11 на Все слои меди
    @(119,566 мм, 70,292 мм): Конт.пл. D18 от U3 на Все слои меди
ErrType(2): Не соединённые элементы
    @(98,237 мм, 79,365 мм): Конт.пл. 2 от J11 на Все слои меди
    @(119,566 мм, 67,752 мм): Конт.пл. D19 от U3 на Все слои меди
ErrType(2): Не соединённые элементы
    @(104,993 мм, 75,423 мм): Конт.пл. 2 от JP1 на F.Cu и прочие
    @(98,237 мм, 78,115 мм): Конт.пл. 1 от J11 на Все слои меди
ErrType(2): Не соединённые элементы
    @(75,127 мм, 112,497 мм): Конт.пл. 1 от R61 на F.Cu и прочие
    @(77,531 мм, 92,008 мм): Конт.пл. A2 от K1 на Все слои меди
ErrType(2): Не соединённые элементы
    @(128,427 мм, 117,684 мм): Конт.пл. 16 от U6 на F.Cu и прочие
    @(75,127 мм, 112,497 мм): Конт.пл. 1 от R61 на F.Cu и прочие
ErrType(2): Не соединённые элементы
    @(92,463 мм, 112,537 мм): Конт.пл. 1 от R62 на F.Cu и прочие
    @(89,052 мм, 91,947 мм): Конт.пл. A2 от K2 на Все слои меди
ErrType(2): Не соединённые элементы
    @(127,157 мм, 117,684 мм): Конт.пл. 15 от U6 на F.Cu и прочие
    @(92,463 мм, 112,537 мм): Конт.пл. 1 от R62 на F.Cu и прочие
ErrType(2): Не соединённые элементы
    @(125,887 мм, 117,684 мм): Конт.пл. 14 от U6 на F.Cu и прочие
    @(110,454 мм, 112,476 мм): Конт.пл. 1 от R63 на F.Cu и прочие
ErrType(2): Не соединённые элементы
    @(110,454 мм, 112,476 мм): Конт.пл. 1 от R63 на F.Cu и прочие
    @(100,625 мм, 91,977 мм): Конт.пл. A2 от K3 на Все слои меди
ErrType(2): Не соединённые элементы
    @(129,235 мм, 81,242 мм): Конт.пл. 3 от Q1 на F.Cu и прочие
    @(122,044 мм, 79,941 мм): Конт.пл. N от LS1 на F.Cu и прочие
ErrType(2): Не соединённые элементы
    @(124,304 мм, 75,524 мм): Конт.пл. 1 от R56 на F.Cu и прочие
    @(110,844 мм, 79,941 мм): Конт.пл. P от LS1 на F.Cu и прочие
ErrType(2): Не соединённые элементы
    @(127,486 мм, 78,212 мм): Конт.пл. 1 от R53 на F.Cu и прочие
    @(127,235 мм, 80,292 мм): Конт.пл. 1 от Q1 на F.Cu и прочие
ErrType(2): Не соединённые элементы
    @(127,235 мм, 80,292 мм): Конт.пл. 1 от Q1 на F.Cu и прочие
    @(124,783 мм, 80,427 мм): Конт.пл. 1 от R55 на F.Cu и прочие
ErrType(2): Не соединённые элементы
    @(86,786 мм, 83,236 мм): Конт.пл. 6 от U1 на B.Cu и прочие
    @(90,698 мм, 82,266 мм): Конт.пл. 1 от R7 на B.Cu и прочие
ErrType(2): Не соединённые элементы
    @(92,473 мм, 64,359 мм): Конт.пл. 1 от R9 на B.Cu и прочие
    @(89,834 мм, 61,468 мм): Конт.пл. 6 от U2 на B.Cu и прочие
ErrType(2): Не соединённые элементы
    @(81,586 мм, 81,966 мм): Конт.пл. 4 от U1 на B.Cu и прочие
    @(81,067 мм, 79,478 мм): Конт.пл. 1 от R13 на B.Cu и прочие
ErrType(2): Не соединённые элементы
    @(81,067 мм, 79,478 мм): Конт.пл. 1 от R13 на B.Cu и прочие
    @(84,840 мм, 79,421 мм): Конт.пл. 1 от R11 на B.Cu и прочие
ErrType(2): Не соединённые элементы
    @(86,496 мм, 58,003 мм): Конт.пл. 1 от R15 на B.Cu и прочие
    @(84,634 мм, 60,198 мм): Конт.пл. 4 от U2 на B.Cu и прочие
ErrType(2): Не соединённые элементы
    @(84,634 мм, 60,198 мм): Конт.пл. 4 от U2 на B.Cu и прочие
    @(78,845 мм, 60,091 мм): Конт.пл. 1 от R14 на F.Cu и прочие
ErrType(2): Не соединённые элементы
    @(150,241 мм, 86,599 мм): Конт.пл. 4 от U4 на B.Cu и прочие
    @(149,029 мм, 89,563 мм): Конт.пл. 1 от R37 на F.Cu и прочие
ErrType(2): Не соединённые элементы
    @(150,630 мм, 74,197 мм): Конт.пл. 1 от RV1 на F.Cu и прочие
    @(154,630 мм, 75,347 мм): Конт.пл. 2 от RV1 на F.Cu и прочие
ErrType(2): Не соединённые элементы
    @(154,630 мм, 75,347 мм): Конт.пл. 2 от RV1 на F.Cu и прочие
    @(150,241 мм, 86,599 мм): Конт.пл. 4 от U4 на B.Cu и прочие
ErrType(2): Не соединённые элементы
    @(151,550 мм, 72,766 мм): Конт.пл. 1 от R40 на B.Cu и прочие
    @(150,630 мм, 76,497 мм): Конт.пл. 3 от RV1 на F.Cu и прочие
ErrType(2): Не соединённые элементы
    @(139,886 мм, 67,752 мм): Конт.пл. D3 от U3 на Все слои меди
    @(124,018 мм, 57,368 мм): Конт.пл. 1 от R42 на B.Cu и прочие
ErrType(2): Не соединённые элементы
    @(139,353 мм, 64,353 мм): Конт.пл. 1 от R43 на B.Cu и прочие
    @(137,346 мм, 70,292 мм): Конт.пл. D4 от U3 на Все слои меди
ErrType(2): Не соединённые элементы
    @(154,051 мм, 86,599 мм): Конт.пл. 1 от U4 на B.Cu и прочие
    @(156,050 мм, 84,783 мм): Конт.пл. 2 от R44 на B.Cu и прочие
ErrType(2): Не соединённые элементы
    @(154,051 мм, 81,649 мм): Конт.пл. 8 от U4 на B.Cu и прочие
    @(156,050 мм, 83,133 мм): Конт.пл. 1 от R44 на B.Cu и прочие
ErrType(2): Не соединённые элементы
    @(151,435 мм, 78,402 мм): Конт.пл. 2 от R45 на B.Cu и прочие
    @(151,511 мм, 81,649 мм): Конт.пл. 6 от U4 на B.Cu и прочие
ErrType(2): Не соединённые элементы
    @(132,266 мм, 70,292 мм): Конт.пл. D8 от U3 на Все слои меди
    @(149,785 мм, 78,402 мм): Конт.пл. 1 от R45 на B.Cu и прочие
ErrType(2): Не соединённые элементы
    @(150,241 мм, 81,649 мм): Конт.пл. 5 от U4 на B.Cu и прочие
    @(146,944 мм, 82,946 мм): Конт.пл. 2 от R46 на B.Cu и прочие
ErrType(2): Не соединённые элементы
    @(145,294 мм, 82,946 мм): Конт.пл. 1 от R46 на B.Cu и прочие
    @(111,946 мм, 100,772 мм): Конт.пл. D41 от U3 на Все слои меди
ErrType(2): Не соединённые элементы
    @(62,261 мм, 100,289 мм): Конт.пл. 1 от R47 на F.Cu и прочие
    @(127,186 мм, 67,752 мм): Конт.пл. D13 от U3 на Все слои меди
ErrType(2): Не соединённые элементы
    @(144,201 мм, 107,039 мм): Конт.пл. 2 от U5 на F.Cu и прочие
    @(142,931 мм, 107,039 мм): Конт.пл. 3 от U5 на F.Cu и прочие
ErrType(2): Не соединённые элементы
    @(145,862 мм, 102,987 мм): Конт.пл. 2 от R48 на F.Cu и прочие
    @(144,201 мм, 107,039 мм): Конт.пл. 2 от U5 на F.Cu и прочие
ErrType(2): Не соединённые элементы
    @(134,806 мм, 70,292 мм): Конт.пл. D6 от U3 на Все слои меди
    @(145,862 мм, 102,987 мм): Конт.пл. 2 от R48 на F.Cu и прочие
ErrType(2): Не соединённые элементы
    @(122,106 мм, 67,752 мм): Конт.пл. D17 от U3 на Все слои меди
    @(121,671 мм, 64,936 мм): Конт.пл. 2 от R49 на F.Cu и прочие
ErrType(2): Не соединённые элементы
    @(145,471 мм, 107,039 мм): Конт.пл. 1 от U5 на F.Cu и прочие
    @(134,173 мм, 107,130 мм): Конт.пл. 1 от R50 на F.Cu и прочие
ErrType(2): Не соединённые элементы
    @(134,173 мм, 107,130 мм): Конт.пл. 1 от R50 на F.Cu и прочие
    @(122,106 мм, 67,752 мм): Конт.пл. D17 от U3 на Все слои меди
ErrType(2): Не соединённые элементы
    @(141,661 мм, 107,039 мм): Конт.пл. 4 от U5 на F.Cu и прочие
    @(134,159 мм, 109,063 мм): Конт.пл. 1 от R52 на F.Cu и прочие
ErrType(2): Не соединённые элементы
    @(112,715 мм, 62,067 мм): Конт.пл. 2 от R51 на B.Cu и прочие
    @(122,106 мм, 70,292 мм): Конт.пл. D16 от U3 на Все слои меди
ErrType(2): Не соединённые элементы
    @(122,106 мм, 70,292 мм): Конт.пл. D16 от U3 на Все слои меди
    @(134,159 мм, 109,063 мм): Конт.пл. 1 от R52 на F.Cu и прочие
ErrType(2): Не соединённые элементы
    @(129,136 мм, 78,212 мм): Конт.пл. 2 от R53 на F.Cu и прочие
    @(139,886 мм, 70,292 мм): Конт.пл. D2 от U3 на Все слои меди
ErrType(2): Не соединённые элементы
    @(144,236 мм, 114,666 мм): Конт.пл. 2 от R58 на F.Cu и прочие
    @(142,609 мм, 114,600 мм): Конт.пл. 1 от R54 на B.Cu и прочие
ErrType(2): Не соединённые элементы
    @(144,201 мм, 111,989 мм): Конт.пл. 7 от U5 на F.Cu и прочие
    @(144,236 мм, 114,666 мм): Конт.пл. 2 от R58 на F.Cu и прочие
ErrType(2): Не соединённые элементы
    @(142,931 мм, 111,989 мм): Конт.пл. 6 от U5 на F.Cu и прочие
    @(144,914 мм, 114,615 мм): Конт.пл. 2 от R57 на B.Cu и прочие
ErrType(2): Не соединённые элементы
    @(140,406 мм, 114,884 мм): Конт.пл. 2 от R59 на F.Cu и прочие
    @(142,931 мм, 111,989 мм): Конт.пл. 6 от U5 на F.Cu и прочие
ErrType(2): Не соединённые элементы
    @(106,866 мм, 103,312 мм): Конт.пл. D44 от U3 на Все слои меди
    @(110,768 мм, 96,540 мм): Конт.пл. 1 от R75 на B.Cu и прочие
ErrType(2): Не соединённые элементы
    @(129,726 мм, 70,292 мм): Конт.пл. D10 от U3 на Все слои меди
    @(60,829 мм, 104,079 мм): Конт.пл. 1 от SW1 на F.Cu и прочие
ErrType(2): Не соединённые элементы
    @(119,566 мм, 103,312 мм): Конт.пл. D34 от U3 на Все слои меди
    @(120,807 мм, 112,734 мм): Конт.пл. 7 от U6 на F.Cu и прочие
ErrType(2): Не соединённые элементы
    @(122,077 мм, 112,734 мм): Конт.пл. 6 от U6 на F.Cu и прочие
    @(122,106 мм, 100,772 мм): Конт.пл. D33 от U3 на Все слои меди
ErrType(2): Не соединённые элементы
    @(123,347 мм, 112,734 мм): Конт.пл. 5 от U6 на F.Cu и прочие
    @(122,106 мм, 103,312 мм): Конт.пл. D32 от U3 на Все слои меди
ErrType(2): Не соединённые элементы
    @(114,486 мм, 70,292 мм): Конт.пл. D22 от U3 на Все слои меди
    @(128,427 мм, 112,734 мм): Конт.пл. 1 от U6 на F.Cu и прочие
ErrType(2): Не соединённые элементы
    @(111,946 мм, 70,292 мм): Конт.пл. D24 от U3 на Все слои меди
    @(125,887 мм, 112,734 мм): Конт.пл. 3 от U6 на F.Cu и прочие
ErrType(2): Не соединённые элементы
    @(104,326 мм, 67,752 мм): Конт.пл. D31 от U3 на Все слои меди
    @(124,617 мм, 112,734 мм): Конт.пл. 4 от U6 на F.Cu и прочие
ErrType(2): Не соединённые элементы
    @(114,486 мм, 67,752 мм): Конт.пл. D23 от U3 на Все слои меди
    @(127,157 мм, 112,734 мм): Конт.пл. 2 от U6 на F.Cu и прочие
ErrType(2): Не соединённые элементы
    @(152,781 мм, 81,649 мм): Конт.пл. 7 от U4 на B.Cu и прочие
    @(144,966 мм, 67,752 мм): Конт.пл. RST от U3 на Все слои меди
ErrType(2): Не соединённые элементы
    @(78,527 мм, 86,619 мм): Конт.пл. 1 от R5 на B.Cu и прочие
    @(79,009 мм, 84,506 мм): Конт.пл. 2 от R2 на B.Cu и прочие
ErrType(2): Не соединённые элементы
    @(78,527 мм, 86,619 мм): Конт.пл. 1 от R5 на B.Cu и прочие
    @(76,154 мм, 86,619 мм): Конт.пл. 1 от C6 на B.Cu и прочие
ErrType(2): Не соединённые элементы
    @(79,009 мм, 84,506 мм): Конт.пл. 2 от R2 на B.Cu и прочие
    @(81,586 мм, 84,506 мм): Конт.пл. 2 от U1 на B.Cu и прочие
ErrType(2): Не соединённые элементы
    @(83,327 мм, 67,178 мм): Конт.пл. 1 от L2 на F.Cu и прочие
    @(83,078 мм, 66,629 мм): Конт.пл. 2 от C13 на B.Cu и прочие
ErrType(2): Не соединённые элементы
    @(83,078 мм, 66,629 мм): Конт.пл. 2 от C13 на B.Cu и прочие
    @(84,634 мм, 64,008 мм): Конт.пл. 1 от U2 на B.Cu и прочие
ErrType(2): Не соединённые элементы
    @(84,634 мм, 64,008 мм): Конт.пл. 1 от U2 на B.Cu и прочие
    @(89,576 мм, 64,094 мм): Конт.пл. 1 от D10 на F.Cu и прочие
ErrType(2): Не соединённые элементы
    @(89,834 мм, 64,008 мм): Конт.пл. 8 от U2 на B.Cu и прочие
    @(84,978 мм, 66,629 мм): Конт.пл. 1 от C13 на B.Cu и прочие
ErrType(2): Не соединённые элементы
    @(134,451 мм, 57,287 мм): Конт.пл. 1 от F1 на F.Cu и прочие
    @(131,211 мм, 52,573 мм): Конт.пл. 1 от J4 на Все слои меди
ErrType(2): Не соединённые элементы
    @(149,029 мм, 91,213 мм): Конт.пл. 2 от R37 на F.Cu и прочие
    @(147,138 мм, 94,244 мм): Конт.пл. 2 от R65 на B.Cu и прочие
ErrType(2): Не соединённые элементы
    @(119,537 мм, 117,684 мм): Конт.пл. 9 от U6 на F.Cu и прочие
    @(115,743 мм, 120,184 мм): Конт.пл. 1 от D38 на F.Cu и прочие
ErrType(2): Не соединённые элементы
    @(60,904 мм, 52,080 мм): Конт.пл. 1 от F6 на F.Cu и прочие
    @(69,591 мм, 49,606 мм): Конт.пл. 1 от D1 на B.Cu и прочие
ErrType(2): Не соединённые элементы
    @(72,283 мм, 60,618 мм): Конт.пл. 2 от D3 на F.Cu и прочие
    @(69,591 мм, 49,606 мм): Конт.пл. 1 от D1 на B.Cu и прочие
ErrType(2): Не соединённые элементы
    @(69,911 мм, 92,008 мм): Конт.пл. A1 от K1 на Все слои меди
    @(81,432 мм, 91,947 мм): Конт.пл. A1 от K2 на Все слои меди
ErrType(2): Не соединённые элементы
    @(93,005 мм, 91,977 мм): Конт.пл. A1 от K3 на Все слои меди
    @(81,432 мм, 91,947 мм): Конт.пл. A1 от K2 на Все слои меди
ErrType(2): Не соединённые элементы
    @(105,445 мм, 112,542 мм): Конт.пл. 2 от D41 на F.Cu и прочие
    @(115,743 мм, 120,184 мм): Конт.пл. 1 от D38 на F.Cu и прочие
ErrType(2): Не соединённые элементы
    @(69,692 мм, 112,512 мм): Конт.пл. 2 от D39 на F.Cu и прочие
    @(87,396 мм, 112,542 мм): Конт.пл. 2 от D40 на F.Cu и прочие
ErrType(2): Не соединённые элементы
    @(87,396 мм, 112,542 мм): Конт.пл. 2 от D40 на F.Cu и прочие
    @(105,445 мм, 112,542 мм): Конт.пл. 2 от D41 на F.Cu и прочие
ErrType(2): Не соединённые элементы
    @(69,692 мм, 112,512 мм): Конт.пл. 2 от D39 на F.Cu и прочие
    @(69,911 мм, 92,008 мм): Конт.пл. A1 от K1 на Все слои меди
ErrType(2): Не соединённые элементы
    @(69,911 мм, 92,008 мм): Конт.пл. A1 от K1 на Все слои меди
    @(72,283 мм, 60,618 мм): Конт.пл. 2 от D3 на F.Cu и прочие
ErrType(2): Не соединённые элементы
    @(147,138 мм, 94,244 мм): Конт.пл. 2 от R65 на B.Cu и прочие
    @(119,537 мм, 117,684 мм): Конт.пл. 9 от U6 на F.Cu и прочие
ErrType(2): Не соединённые элементы
    @(114,965 мм, 96,700 мм): Конт.пл. 1 от R76 на B.Cu и прочие
    @(116,801 мм, 96,998 мм): Конт.пл. 1 от Q2 на B.Cu и прочие
ErrType(2): Не соединённые элементы
    @(112,593 мм, 96,540 мм): Конт.пл. 2 от R75 на B.Cu и прочие
    @(114,965 мм, 96,700 мм): Конт.пл. 1 от R76 на B.Cu и прочие
ErrType(2): Не соединённые элементы
    @(114,478 мм, 93,121 мм): Конт.пл. 1 от R64 на B.Cu и прочие
    @(118,801 мм, 96,048 мм): Конт.пл. 3 от Q2 на B.Cu и прочие

** End of Report **
